<html>
<body>
<pre>
<h1>µVision Build Log</h1>
<h2>Project:</h2>
D:\ESDLAB\Interrupt\Problem1\Keil\Problem1.uvproj
Project File Date:  12/01/2023

<h2>Output:</h2>
Build target 'Target 1'
compiling prog.c...
prog.c(39): warning:  #61-D: integer operation result is out of range
        IODIR1=(1<<25)|(1<<31);
prog.c(43): warning:  #61-D: integer operation result is out of range
                IOSET1=(1<<31);
prog.c(43): warning:  #68-D: integer conversion resulted in a change of sign
                IOSET1=(1<<31);
prog.c(45): warning:  #61-D: integer operation result is out of range
                IOCLR1=(1<<31);
prog.c(45): warning:  #68-D: integer conversion resulted in a change of sign
                IOCLR1=(1<<31);
prog.c: 5 warnings, 0 errors
linking...
Program Size: Code=1016 RO-data=32 RW-data=4 ZI-data=1260  
FromELF: creating hex file...
".\Problem1.axf" - 0 Error(s), 5 Warning(s).
</pre>
</body>
</html>
Code=1016 RO-data=32 RW-data=4 ZI-data=1260  
FromELF: creating hex file...
".\Problem1.axf" - 0 Error(s), 7 Warning(s).
