<html>
<body>
<pre>
<h1>µVision Build Log</h1>
<h2>Project:</h2>
D:\ESDLAB\Miniproj\Miniproject.uvproj
Project File Date:  10/28/2023

<h2>Output:</h2>
Build target 'Target 1'
compiling prog.c...
linking...
Program Size: Code=2080 RO-data=16 RW-data=0 ZI-data=1256  
FromELF: creating hex file...
"Miniproject.axf" - 0 Error(s), 0 Warning(s).
Build target 'Target 1'
compiling prog.c...
linking...
Program Size: Code=2032 RO-data=16 RW-data=0 ZI-data=1256  
FromELF: creating hex file...
"Miniproject.axf" - 0 Error(s), 0 Warning(s).
Build target 'Target 1'
compiling prog.c...
linking...
Program Size: Code=2040 RO-data=16 RW-data=0 ZI-data=1256  
FromELF: creating hex file...
"Miniproject.axf" - 0 Error(s), 0 Warning(s).
Build target 'Target 1'
compiling prog.c...
linking...
Program Size: Code=2040 RO-data=16 RW-data=0 ZI-data=1256  
FromELF: creating hex file...
"Miniproject.axf" - 0 Error(s), 0 Warning(s).
