<html>
<body>
<pre>
<h1>µVision Build Log</h1>
<h2>Project:</h2>
D:\ESDLAB\ESDLAPract\Problem3\Problem3.uvproj
Project File Date:  12/01/2023

<h2>Output:</h2>
Build target 'Target 1'
compiling prob3.c...
LCD8.h(48): warning:  #1-D: last line of file ends without a newline
  }
prob3.c(32): warning:  #61-D: integer operation result is out of range
        IODIR1=(1<<31);
prob3.c(32): warning:  #68-D: integer conversion resulted in a change of sign
        IODIR1=(1<<31);
prob3.c(47): warning:  #61-D: integer operation result is out of range
                IOSET1=(1<<31);
prob3.c(47): warning:  #68-D: integer conversion resulted in a change of sign
                IOSET1=(1<<31);
prob3.c(49): warning:  #61-D: integer operation result is out of range
                IOCLR1=(1<<31);
prob3.c(49): warning:  #68-D: integer conversion resulted in a change of sign
                IOCLR1=(1<<31);
prob3.c(52): warning:  #111-D: statement is unreachable
        return 0;
prob3.c(53): warning:  #1-D: last line of file ends without a newline
  }
prob3.c: 9 warnings, 0 errors
linking...
Program Size: Code=1948 RO-data=32 RW-data=4 ZI-data=1276  
FromELF: creating hex file...
".\Problem3.axf" - 0 Error(s), 9 Warning(s).
</pre>
</body>
</html>
