<html>
<body>
<pre>
<h1>µVision Build Log</h1>
<h2>Project:</h2>
D:\ESDLAB\TestProject2\classPrograms.uvproj
Project File Date:  08/12/2023

<h2>Output:</h2>
Build target 'Target 1'
linking...
Program Size: Code=524 RO-data=16 RW-data=0 ZI-data=1256  
FromELF: creating hex file...
"switchled.axf" - 0 Error(s), 0 Warning(s).
Build target 'Target 1'
compiling prog3.c...
prog3.c(18): warning:  #111-D: statement is unreachable
prog3.c(19): warning:  #1-D: last line of file ends without a newline
linking...
Program Size: Code=532 RO-data=16 RW-data=0 ZI-data=1256  
FromELF: creating hex file...
"switchled.axf" - 0 Error(s), 2 Warning(s).
Build target 'Target 1'
linking...
Program Size: Code=532 RO-data=16 RW-data=0 ZI-data=1256  
FromELF: creating hex file...
"switchled.axf" - 0 Error(s), 0 Warning(s).
Build target 'Target 1'
assembling Startup.s...
compiling prog3.c...
prog3.c(18): warning:  #111-D: statement is unreachable
prog3.c(19): warning:  #1-D: last line of file ends without a newline
linking...
Program Size: Code=532 RO-data=16 RW-data=0 ZI-data=1256  
FromELF: creating hex file...
"switchled.axf" - 0 Error(s), 2 Warning(s).
Build target 'Target 1'
compiling prog3.c...
prog3.c(18): warning:  #111-D: statement is unreachable
prog3.c(19): warning:  #1-D: last line of file ends without a newline
linking...
Program Size: Code=532 RO-data=16 RW-data=0 ZI-data=1256  
FromELF: creating hex file...
"switchled.axf" - 0 Error(s), 2 Warning(s).
Build target 'Target 1'
assembling Startup.s...
compiling prog3.c...
prog3.c(17): warning:  #111-D: statement is unreachable
prog3.c(18): warning:  #1-D: last line of file ends without a newline
linking...
Program Size: Code=524 RO-data=16 RW-data=0 ZI-data=1256  
FromELF: creating hex file...
"switchled.axf" - 0 Error(s), 2 Warning(s).
