<html>
<body>
<pre>
<h1>µVision Build Log</h1>
<h2>Project:</h2>
D:\ESDLAB\DAC\SimpleWavegen.uvproj
Project File Date:  10/29/2023

<h2>Output:</h2>
Build target 'Target 1'
assembling Startup.s...
compiling sinewave.c...
linking...
Program Size: Code=944 RO-data=32 RW-data=104 ZI-data=1256  
"SimpleWavegen.axf" - 0 Error(s), 0 Warning(s).
Build target 'Target 1'
assembling Startup.s...
compiling sinewave.c...
linking...
Program Size: Code=1216 RO-data=32 RW-data=104 ZI-data=1256  
"SimpleWavegen.axf" - 0 Error(s), 0 Warning(s).
Build target 'Target 1'
compiling sinewave.c...
compiling sawtooth.c...
linking...
SimpleWavegen.axf: Error: L6200E: Symbol __ARM_use_no_argv multiply defined (by sawtooth.o and sinewave.o).
SimpleWavegen.axf: Error: L6200E: Symbol pll_init multiply defined (by sawtooth.o and sinewave.o).
SimpleWavegen.axf: Error: L6200E: Symbol msdelay multiply defined (by sawtooth.o and sinewave.o).
SimpleWavegen.axf: Error: L6200E: Symbol usdelay multiply defined (by sawtooth.o and sinewave.o).
SimpleWavegen.axf: Error: L6200E: Symbol main multiply defined (by sawtooth.o and sinewave.o).
Target not created
Build target 'Target 1'
assembling Startup.s...
compiling sinewave.c...
linking...
Program Size: Code=1232 RO-data=32 RW-data=104 ZI-data=1256  
"SimpleWavegen.axf" - 0 Error(s), 0 Warning(s).
Build target 'Target 1'
assembling Startup.s...
compiling sinewave.c...
linking...
Program Size: Code=820 RO-data=16 RW-data=0 ZI-data=1256  
"SimpleWavegen.axf" - 0 Error(s), 0 Warning(s).
Build target 'Target 1'
assembling Startup.s...
compiling sinewave.c...
linking...
Program Size: Code=820 RO-data=16 RW-data=0 ZI-data=1256  
FromELF: creating hex file...
"sinewave.axf" - 0 Error(s), 0 Warning(s).
Build target 'Target 1'
linking...
Program Size: Code=820 RO-data=16 RW-data=0 ZI-data=1256  
FromELF: creating hex file...
"sinewave.axf" - 0 Error(s), 0 Warning(s).
