<html>
<body>
<pre>
<h1>µVision Build Log</h1>
<h2>Project:</h2>
D:\ESDLAB\DAC\SimpleWavegen.uvproj
Project File Date:  10/29/2023

<h2>Output:</h2>
Build target 'Target 1'
assembling Startup.s...
compiling sinewave.c...
linking...
Program Size: Code=820 RO-data=16 RW-data=0 ZI-data=1256  
FromELF: creating hex file...
"sinewave.axf" - 0 Error(s), 0 Warning(s).
Build target 'Target 1'
linking...
Program Size: Code=820 RO-data=16 RW-data=0 ZI-data=1256  
FromELF: creating hex file...
"sinewave.axf" - 0 Error(s), 0 Warning(s).
Build target 'Target 1'
assembling Startup.s...
compiling sinewave.c...
linking...
Program Size: Code=820 RO-data=16 RW-data=0 ZI-data=1256  
FromELF: creating hex file...
"sinewave.axf" - 0 Error(s), 0 Warning(s).
"LPC210x_ISP.EXE" "D:\ESDLAB\DAC\sinewave.HEX" 12000 LPC2138 COM1: 38400 1
--- Error: failed to execute '"LPC210x_ISP.EXE" "D:\ESDLAB\DAC\sinewave.HEX" 12000 LPC2138 COM1: 38400 1'
Build target 'Target 1'
assembling Startup.s...
compiling sinewave.c...
linking...
Program Size: Code=820 RO-data=16 RW-data=0 ZI-data=1256  
FromELF: creating hex file...
"sinewave.axf" - 0 Error(s), 0 Warning(s).
