<html>
<body>
<pre>
<h1>µVision Build Log</h1>
<h2>Project:</h2>
D:\ESDLAB\ESDLAPract\Example2\Example2.uvproj
Project File Date:  12/01/2023

<h2>Output:</h2>
Build target 'Target 1'
assembling Startup.s...
compiling prog.c...
prog.c(38): warning:  #61-D: integer operation result is out of range
        PINSEL0=(2<<28)|(2<<30);
prog.c(48): warning:  #61-D: integer operation result is out of range
        IODIR1=(1<<31);
prog.c(48): warning:  #68-D: integer conversion resulted in a change of sign
        IODIR1=(1<<31);
prog.c(53): warning:  #61-D: integer operation result is out of range
                IOSET1=(1<<31);
prog.c(53): warning:  #68-D: integer conversion resulted in a change of sign
                IOSET1=(1<<31);
prog.c(55): warning:  #61-D: integer operation result is out of range
                IOCLR1=(1<<31);
prog.c(55): warning:  #68-D: integer conversion resulted in a change of sign
                IOCLR1=(1<<31);
prog.c(65): warning:  #111-D: statement is unreachable
        return 0;
prog.c(66): warning:  #1-D: last line of file ends without a newline
  }
prog.c: 9 warnings, 0 errors
linking...
Program Size: Code=1492 RO-data=16 RW-data=0 ZI-data=1256  
FromELF: creating hex file...
".\Example2.axf" - 0 Error(s), 9 Warning(s).
</pre>
</body>
</html>
