<html>
<body>
<pre>
<h1>µVision Build Log</h1>
<h2>Project:</h2>
D:\ESDLAB\ESDLAPract\Prob5\Prob5.uvproj
Project File Date:  10/02/2023

<h2>Output:</h2>
Build target 'Target 1'
compiling prob5prog.c...
prob5prog.c(82): warning:  #111-D: statement is unreachable
prob5prog.c(83): warning:  #1-D: last line of file ends without a newline
linking...
Program Size: Code=1296 RO-data=16 RW-data=0 ZI-data=1256  
FromELF: creating hex file...
"Prob5.axf" - 0 Error(s), 2 Warning(s).
Build target 'Target 1'
compiling prob5prog.c...
prob5prog.c(82): warning:  #111-D: statement is unreachable
prob5prog.c(83): warning:  #1-D: last line of file ends without a newline
linking...
Program Size: Code=1296 RO-data=16 RW-data=0 ZI-data=1256  
FromELF: creating hex file...
"Prob5.axf" - 0 Error(s), 2 Warning(s).
Build target 'Target 1'
linking...
Program Size: Code=1296 RO-data=16 RW-data=0 ZI-data=1256  
FromELF: creating hex file...
"Prob5.axf" - 0 Error(s), 0 Warning(s).
Build target 'Target 1'
compiling prob5prog.c...
prob5prog.c(82): warning:  #111-D: statement is unreachable
prob5prog.c(83): warning:  #1-D: last line of file ends without a newline
linking...
Program Size: Code=1288 RO-data=16 RW-data=0 ZI-data=1256  
FromELF: creating hex file...
"Prob5.axf" - 0 Error(s), 2 Warning(s).
Build target 'Target 1'
compiling prob5prog.c...
prob5prog.c(82): warning:  #111-D: statement is unreachable
prob5prog.c(83): warning:  #1-D: last line of file ends without a newline
linking...
Program Size: Code=1296 RO-data=16 RW-data=0 ZI-data=1256  
FromELF: creating hex file...
"Prob5.axf" - 0 Error(s), 2 Warning(s).
Build target 'Target 1'
compiling prob5prog.c...
prob5prog.c(82): warning:  #111-D: statement is unreachable
prob5prog.c(83): warning:  #1-D: last line of file ends without a newline
linking...
Program Size: Code=1296 RO-data=16 RW-data=0 ZI-data=1256  
FromELF: creating hex file...
"Prob5.axf" - 0 Error(s), 2 Warning(s).
Build target 'Target 1'
compiling prob5prog.c...
prob5prog.c(80): warning:  #111-D: statement is unreachable
prob5prog.c(81): warning:  #1-D: last line of file ends without a newline
linking...
Program Size: Code=1284 RO-data=16 RW-data=0 ZI-data=1256  
FromELF: creating hex file...
"Prob5.axf" - 0 Error(s), 2 Warning(s).
Build target 'Target 1'
compiling prob5prog.c...
prob5prog.c(81): warning:  #111-D: statement is unreachable
prob5prog.c(82): warning:  #1-D: last line of file ends without a newline
linking...
Program Size: Code=1336 RO-data=16 RW-data=0 ZI-data=1256  
FromELF: creating hex file...
"Prob5.axf" - 0 Error(s), 2 Warning(s).
Build target 'Target 1'
compiling prob5prog.c...
prob5prog.c(81): warning:  #111-D: statement is unreachable
prob5prog.c(82): warning:  #1-D: last line of file ends without a newline
linking...
Program Size: Code=1328 RO-data=16 RW-data=0 ZI-data=1256  
FromELF: creating hex file...
"Prob5.axf" - 0 Error(s), 2 Warning(s).
Build target 'Target 1'
compiling prob5prog.c...
prob5prog.c(79): warning:  #111-D: statement is unreachable
prob5prog.c(80): warning:  #1-D: last line of file ends without a newline
linking...
Program Size: Code=1320 RO-data=16 RW-data=0 ZI-data=1256  
FromELF: creating hex file...
"Prob5.axf" - 0 Error(s), 2 Warning(s).
Build target 'Target 1'
compiling prob5prog.c...
prob5prog.c(79): warning:  #111-D: statement is unreachable
prob5prog.c(80): warning:  #1-D: last line of file ends without a newline
linking...
Program Size: Code=1316 RO-data=16 RW-data=0 ZI-data=1256  
FromELF: creating hex file...
"Prob5.axf" - 0 Error(s), 2 Warning(s).
Build target 'Target 1'
compiling prob5prog.c...
prob5prog.c(79): warning:  #111-D: statement is unreachable
prob5prog.c(80): warning:  #1-D: last line of file ends without a newline
linking...
Program Size: Code=1316 RO-data=16 RW-data=0 ZI-data=1256  
FromELF: creating hex file...
"Prob5.axf" - 0 Error(s), 2 Warning(s).
Build target 'Target 1'
compiling prob5prog.c...
prob5prog.c(79): warning:  #111-D: statement is unreachable
prob5prog.c(81): warning:  #1-D: last line of file ends without a newline
linking...
Program Size: Code=1316 RO-data=16 RW-data=0 ZI-data=1256  
FromELF: creating hex file...
"Prob5.axf" - 0 Error(s), 2 Warning(s).
Build target 'Target 1'
compiling prob5prog.c...
prob5prog.c(85): warning:  #1-D: last line of file ends without a newline
linking...
Program Size: Code=1360 RO-data=16 RW-data=0 ZI-data=1256  
FromELF: creating hex file...
"Prob5.axf" - 0 Error(s), 1 Warning(s).
Build target 'Target 1'
compiling prob5prog.c...
prob5prog.c(85): warning:  #1-D: last line of file ends without a newline
linking...
Program Size: Code=1360 RO-data=16 RW-data=0 ZI-data=1256  
FromELF: creating hex file...
"Prob5.axf" - 0 Error(s), 1 Warning(s).
Build target 'Target 1'
compiling prob5prog.c...
prob5prog.c(85): warning:  #1-D: last line of file ends without a newline
linking...
Program Size: Code=1360 RO-data=16 RW-data=0 ZI-data=1256  
FromELF: creating hex file...
"Prob5.axf" - 0 Error(s), 1 Warning(s).
Build target 'Target 1'
compiling prob5prog.c...
prob5prog.c(85): warning:  #1-D: last line of file ends without a newline
linking...
Program Size: Code=1360 RO-data=16 RW-data=0 ZI-data=1256  
FromELF: creating hex file...
"Prob5.axf" - 0 Error(s), 1 Warning(s).
Build target 'Target 1'
compiling prob5prog.c...
prob5prog.c(85): warning:  #1-D: last line of file ends without a newline
linking...
Program Size: Code=1360 RO-data=16 RW-data=0 ZI-data=1256  
FromELF: creating hex file...
"Prob5.axf" - 0 Error(s), 1 Warning(s).
Build target 'Target 1'
compiling prob5prog.c...
prob5prog.c(85): warning:  #1-D: last line of file ends without a newline
linking...
Program Size: Code=1356 RO-data=16 RW-data=0 ZI-data=1256  
FromELF: creating hex file...
"Prob5.axf" - 0 Error(s), 1 Warning(s).
