<html>
<body>
<pre>
<h1>µVision Build Log</h1>
<h2>Project:</h2>
D:\ESDLAB\ProtT1\ProtT1\ProtT1.uvproj
Project File Date:  11/10/2023

<h2>Output:</h2>
Build target 'Target 1'
compiling prog.c...
prog.c(50): warning:  #61-D: integer operation result is out of range
                  while((AD1GDR&(1<<31))==0);
prog.c(50): warning:  #68-D: integer conversion resulted in a change of sign
                  while((AD1GDR&(1<<31))==0);
prog.c: 2 warnings, 0 errors
linking...
Program Size: Code=3132 RO-data=32 RW-data=8 ZI-data=1256  
FromELF: creating hex file...
".\ProtT1.axf" - 0 Error(s), 2 Warning(s).
</pre>
</body>
</html>
