<html>
<body>
<pre>
<h1>µVision Build Log</h1>
<h2>Project:</h2>
D:\ESDLAB\DAC\DACEmbeddedThonPattern\EBthonpat.uvproj
Project File Date:  12/01/2023

<h2>Output:</h2>
Build target 'Target 1'
linking...
Program Size: Code=1072 RO-data=32 RW-data=52 ZI-data=1260  
".\EBthonpat.axf" - 0 Error(s), 0 Warning(s).
</pre>
</body>
</html>
ze: Code=760 RO-data=32 RW-data=52 ZI-data=1260  
".\EBthonpat.axf" - 0 Error(s), 1 Warning(s).
 1 error
".\EBthonpat.axf" - 1 Error(s), 1 Warning(s).
Target not created
