<html>
<body>
<pre>
<h1>µVision Build Log</h1>
<h2>Project:</h2>
D:\ESDLAB\IntrToggle\Nvirqtoggle.uvproj
Project File Date:  09/08/2023

<h2>Output:</h2>
Build target 'Target 1'
compiling toggle.c...
toggle.c(13): warning:  #177-D: variable "i" was declared but never referenced
        static int i=0;
toggle.c: 1 warning, 0 errors
linking...
Program Size: Code=880 RO-data=16 RW-data=0 ZI-data=1256  
".\Nvirqtoggle.axf" - 0 Error(s), 1 Warning(s).
</pre>
</body>
</html>

toggle.c: 3 warnings, 0 errors
linking...
Program Size: Code=880 RO-data=16 RW-data=0 ZI-data=1256  
".\Nvirqtoggle.axf" - 0 Error(s), 3 Warning(s).
