<html>
<body>
<pre>
<h1>µVision Build Log</h1>
<h2>Project:</h2>
D:\ESDLAB\TimerCounter\TimerConfig\Timerconfig.uvproj
Project File Date:  10/25/2023

<h2>Output:</h2>
Build target 'Target 1'
assembling Startup.s...
linking...
Timerconfig.axf: Warning: L6665W: Neither Lib$$Request$$armlib Lib$$Request$$cpplib defined, not searching ARM libraries.
Timerconfig.axf: Error: L6411E: No compatible library exists with a definition of startup symbol __main.
Target not created
Build target 'Target 1'
compiling prog1.c...
prog1.c(9): warning:  #1-D: last line of file ends without a newline
linking...
Program Size: Code=504 RO-data=16 RW-data=0 ZI-data=1256  
"Timerconfig.axf" - 0 Error(s), 1 Warning(s).
Build target 'Target 1'
compiling prog1.c...
linking...
Program Size: Code=504 RO-data=16 RW-data=0 ZI-data=1256  
"Timerconfig.axf" - 0 Error(s), 0 Warning(s).
Build target 'Target 1'
compiling prog1.c...
linking...
Program Size: Code=496 RO-data=16 RW-data=0 ZI-data=1256  
"Timerconfig.axf" - 0 Error(s), 0 Warning(s).
Build target 'Target 1'
compiling prog1.c...
linking...
Program Size: Code=504 RO-data=16 RW-data=0 ZI-data=1256  
"Timerconfig.axf" - 0 Error(s), 0 Warning(s).
Build target 'Target 1'
compiling prog1.c...
prog1.c(4): error:  #20: identifier "PINSEL" is undefined
Target not created
Build target 'Target 1'
compiling prog1.c...
linking...
Program Size: Code=516 RO-data=16 RW-data=0 ZI-data=1256  
"Timerconfig.axf" - 0 Error(s), 0 Warning(s).
Build target 'Target 1'
compiling prog1.c...
linking...
Program Size: Code=516 RO-data=16 RW-data=0 ZI-data=1256  
"Timerconfig.axf" - 0 Error(s), 0 Warning(s).
Build target 'Target 1'
compiling prog1.c...
linking...
Program Size: Code=508 RO-data=16 RW-data=0 ZI-data=1256  
"Timerconfig.axf" - 0 Error(s), 0 Warning(s).
