<html>
<body>
<pre>
<h1>µVision Build Log</h1>
<h2>Project:</h2>
D:\ESDLAB\Interrupt\Problem2\Keil\problem2.uvproj
Project File Date:  09/07/2023

<h2>Output:</h2>
Build target 'Target 1'
linking...
Program Size: Code=1116 RO-data=32 RW-data=4 ZI-data=1260  
FromELF: creating hex file...
".\problem2.axf" - 0 Error(s), 0 Warning(s).
</pre>
</body>
</html>
  #61-D: integer operation result is out of range
                IOSET1=(1<<31);
prog.c(65): warning:  #68-D: integer conversion resulted in a change of sign
                IOSET1=(1<<31);
prog.c(67): warning:  #61-D: integer operation result is out of range
                IOCLR1=(1<<31);
prog.c(67): warning:  #68-D: integer conversion resulted in a change of sign
                IOCLR1=(1<<31);
prog.c: 5 warnings, 0 errors
linking...
Program Size: Code=1116 RO-data=32 RW-data=4 ZI-data=1260  
FromELF: creating hex file...
".\problem2.axf" - 0 Error(s), 5 Warning(s).
