<html>
<body>
<pre>
<h1>µVision Build Log</h1>
<h2>Project:</h2>
D:\ESDLAB\ESDLAPract\LABPract1\LABPract1.uvproj
Project File Date:  12/13/2023

<h2>Output:</h2>
Build target 'Target 1'
compiling prog2.c...
linking...
Program Size: Code=1944 RO-data=188 RW-data=12 ZI-data=1340  
FromELF: creating hex file...
".\LABPract1Prog2.axf" - 0 Error(s), 0 Warning(s).
</pre>
</body>
</html>
(48): warning:  #223-D: function "sprintf" declared implicitly
        sprintf(extcounts,"\rFIQ Count=%d\nVIRQ Count=%d\nNVIRQ Count=%d\r",ext1count,ext2count,ext3count);
prog.c(58): warning:  #223-D: function "sprintf" declared implicitly
        sprintf(extcounts,"\rFIQ Count=%d\nVIRQ Count=%d\nNVIRQ Count=%d\r",ext1count,ext2count,ext3count);
prog.c: 3 warnings, 0 errors
linking...
Program Size: Code=2096 RO-data=100 RW-data=12 ZI-data=1340  
".\LABPract1.axf" - 0 Error(s), 3 Warning(s).
