<html>
<body>
<pre>
<h1>µVision Build Log</h1>
<h2>Project:</h2>
C:\Users\91805\Documents\ESD_interrupt\Interrupt.uvproj
Project File Date:  08/29/2023

<h2>Output:</h2>
Build target 'Target 1'
assembling Startup.s...
compiling Intprog.c...
Intprog.c(21): error:  #20: identifier "isr_int1" is undefined
Intprog.c(23): error:  #20: identifier "VICVectEnable" is undefined
Intprog.c(30): warning:  #1-D: last line of file ends without a newline
Target not created
Build target 'Target 1'
compiling Intprog.c...
Intprog.c(21): error:  #20: identifier "isr_int1" is undefined
Intprog.c(30): warning:  #1-D: last line of file ends without a newline
Target not created
Build target 'Target 1'
compiling Intprog.c...
Intprog.c(30): warning:  #1-D: last line of file ends without a newline
linking...
Program Size: Code=668 RO-data=16 RW-data=0 ZI-data=1256  
"Interrupt.axf" - 0 Error(s), 1 Warning(s).
Build target 'Target 1'
compiling Intprog.c...
Intprog.c(30): warning:  #1-D: last line of file ends without a newline
linking...
Program Size: Code=668 RO-data=16 RW-data=0 ZI-data=1256  
"Interrupt.axf" - 0 Error(s), 1 Warning(s).
Build target 'Target 1'
compiling Intprog.c...
Intprog.c(30): warning:  #111-D: statement is unreachable
Intprog.c(31): warning:  #1-D: last line of file ends without a newline
linking...
Program Size: Code=668 RO-data=16 RW-data=0 ZI-data=1256  
"Interrupt.axf" - 0 Error(s), 2 Warning(s).
Build target 'Target 1'
compiling Intprog.c...
Intprog.c(30): warning:  #1-D: last line of file ends without a newline
linking...
Program Size: Code=668 RO-data=16 RW-data=0 ZI-data=1256  
"Interrupt.axf" - 0 Error(s), 1 Warning(s).
Build target 'Target 1'
linking...
Program Size: Code=940 RO-data=16 RW-data=0 ZI-data=1256  
"Interrupt.axf" - 0 Error(s), 0 Warning(s).
Build target 'Target 1'
assembling Startup.s...
compiling Intprog.c...
Intprog.c(30): warning:  #1-D: last line of file ends without a newline
linking...
Program Size: Code=940 RO-data=16 RW-data=0 ZI-data=1256  
"Interrupt.axf" - 0 Error(s), 1 Warning(s).
Build target 'Target 1'
linking...
Program Size: Code=940 RO-data=16 RW-data=0 ZI-data=1256  
"Interrupt.axf" - 0 Error(s), 0 Warning(s).
Build target 'Target 1'
linking...
Program Size: Code=940 RO-data=16 RW-data=0 ZI-data=1256  
"Interrupt.axf" - 0 Error(s), 0 Warning(s).
Build target 'Target 1'
compiling Intprog.c...
Intprog.c(30): warning:  #1-D: last line of file ends without a newline
linking...
Program Size: Code=940 RO-data=16 RW-data=0 ZI-data=1256  
"Interrupt.axf" - 0 Error(s), 1 Warning(s).
Build target 'Target 1'
compiling Intprog.c...
Intprog.c(30): warning:  #1-D: last line of file ends without a newline
linking...
Program Size: Code=932 RO-data=16 RW-data=0 ZI-data=1256  
"Interrupt.axf" - 0 Error(s), 1 Warning(s).
