<html>
<body>
<pre>
<h1>µVision Build Log</h1>
<h2>Project:</h2>
D:\ESDLAB\PWM\PWMProj1.uvproj
Project File Date:  10/14/2023

<h2>Output:</h2>
Build target 'Target 1'
compiling prog1.c...
linking...
Program Size: Code=616 RO-data=16 RW-data=0 ZI-data=1256  
FromELF: creating hex file...
"PWMProg1.axf" - 0 Error(s), 0 Warning(s).
Build target 'Target 1'
compiling prog1.c...
linking...
Program Size: Code=640 RO-data=16 RW-data=0 ZI-data=1256  
FromELF: creating hex file...
"PWMProg1.axf" - 0 Error(s), 0 Warning(s).
Build target 'Target 1'
compiling prog1.c...
linking...
Program Size: Code=652 RO-data=16 RW-data=0 ZI-data=1256  
FromELF: creating hex file...
"PWMProg1.axf" - 0 Error(s), 0 Warning(s).
