<html>
<body>
<pre>
<h1>µVision Build Log</h1>
<h2>Project:</h2>
D:\ESDLAB\ESDLAPract\testing\testing.uvproj
Project File Date:  10/06/2023

<h2>Output:</h2>
Build target 'Target 1'
assembling Startup.s...
linking...
testing.axf: Warning: L6665W: Neither Lib$$Request$$armlib Lib$$Request$$cpplib defined, not searching ARM libraries.
testing.axf: Error: L6411E: No compatible library exists with a definition of startup symbol __main.
Target not created
Build target 'Target 1'
compiling prog.c...
linking...
Program Size: Code=544 RO-data=16 RW-data=0 ZI-data=1256  
"testing.axf" - 0 Error(s), 0 Warning(s).
