<html>
<body>
<pre>
<h1>µVision Build Log</h1>
<h2>Project:</h2>
D:\ESDLAB\Interrupt\FIQ2\FIQTest.uvproj
Project File Date:  09/07/2023

<h2>Output:</h2>
Build target 'Target 1'
compiling fiqintrprog.c...
fiqintrprog.c(44): warning:  #111-D: statement is unreachable
linking...
Program Size: Code=972 RO-data=16 RW-data=0 ZI-data=1256  
"FIQTest.axf" - 0 Error(s), 1 Warning(s).
Build target 'Target 1'
compiling fiqintrprog.c...
fiqintrprog.c(44): warning:  #111-D: statement is unreachable
linking...
Program Size: Code=976 RO-data=16 RW-data=0 ZI-data=1256  
"FIQTest.axf" - 0 Error(s), 1 Warning(s).
