<html>
<body>
<pre>
<h1>µVision Build Log</h1>
<h2>Project:</h2>
D:\ESDLAB\Interrupt\MultiIntr1\Multiintr.uvproj
Project File Date:  09/08/2023

<h2>Output:</h2>
Build target 'Target 1'
compiling prog2.c...
prog2.c(46): error:  #20: identifier "ext2_isr" is undefined
prog2.c(56): warning:  #111-D: statement is unreachable
prog2.c(57): warning:  #1-D: last line of file ends without a newline
Target not created
Build target 'Target 1'
compiling prog2.c...
prog2.c(57): warning:  #111-D: statement is unreachable
prog2.c(58): warning:  #1-D: last line of file ends without a newline
linking...
Program Size: Code=1132 RO-data=16 RW-data=0 ZI-data=1256  
"prog2.axf" - 0 Error(s), 2 Warning(s).
Build target 'Target 1'
compiling prog.c...
prog.c(61): warning:  #111-D: statement is unreachable
prog.c(62): warning:  #1-D: last line of file ends without a newline
linking...
Program Size: Code=1128 RO-data=16 RW-data=0 ZI-data=1256  
"prog.axf" - 0 Error(s), 2 Warning(s).
