<html>
<body>
<pre>
<h1>µVision Build Log</h1>
<h2>Project:</h2>
D:\ESDLAB\TimerCounter\Timerp2\Timerp2.uvproj
Project File Date:  10/07/2023

<h2>Output:</h2>
Build target 'Target 1'
linking...
Program Size: Code=1072 RO-data=16 RW-data=0 ZI-data=1256  
"Timerp2.axf" - 0 Error(s), 0 Warning(s).
Build target 'Target 1'
assembling Startup.s...
compiling prog2.c...
linking...
Program Size: Code=1072 RO-data=16 RW-data=0 ZI-data=1256  
"Timerp2.axf" - 0 Error(s), 0 Warning(s).
Build target 'Target 1'
assembling Startup.s...
compiling prog2.c...
linking...
Program Size: Code=1072 RO-data=16 RW-data=0 ZI-data=1256  
"Timerp2.axf" - 0 Error(s), 0 Warning(s).
Build target 'Target 1'
assembling Startup.s...
compiling prog2.c...
linking...
Program Size: Code=1072 RO-data=16 RW-data=0 ZI-data=1256  
"Timerp2.axf" - 0 Error(s), 0 Warning(s).
Build target 'Target 1'
assembling Startup.s...
compiling prog2.c...
linking...
Program Size: Code=1072 RO-data=16 RW-data=0 ZI-data=1256  
"Timerp2.axf" - 0 Error(s), 0 Warning(s).
