<html>
<body>
<pre>
<h1>µVision Build Log</h1>
<h2>Project:</h2>
D:\En5_22420006\Lab5\Interrupt.uvproj
Project File Date:  09/05/2023

<h2>Output:</h2>
Build target 'Target 1'
assembling Startup.s...
linking...
Interrupt.axf: Warning: L6665W: Neither Lib$$Request$$armlib Lib$$Request$$cpplib defined, not searching ARM libraries.
Interrupt.axf: Error: L6411E: No compatible library exists with a definition of startup symbol __main.
Target not created
Build target 'Target 1'
compiling prog.c...
prog.c(30): warning:  #111-D: statement is unreachable
linking...
Program Size: Code=640 RO-data=16 RW-data=0 ZI-data=1256  
"Interrupt.axf" - 0 Error(s), 1 Warning(s).
Build target 'Target 1'
linking...
Program Size: Code=912 RO-data=16 RW-data=0 ZI-data=1256  
"Interrupt.axf" - 0 Error(s), 0 Warning(s).
Build target 'Target 1'
compiling prog.c...
prog.c(35): warning:  #111-D: statement is unreachable
linking...
Program Size: Code=944 RO-data=16 RW-data=0 ZI-data=1256  
"Interrupt.axf" - 0 Error(s), 1 Warning(s).
Build target 'Target 1'
compiling prog.c...
prog.c(35): warning:  #111-D: statement is unreachable
linking...
Program Size: Code=944 RO-data=16 RW-data=0 ZI-data=1256  
"Interrupt.axf" - 0 Error(s), 1 Warning(s).
Build target 'Target 1'
compiling prog.c...
prog.c(35): warning:  #111-D: statement is unreachable
linking...
Program Size: Code=944 RO-data=16 RW-data=0 ZI-data=1256  
"Interrupt.axf" - 0 Error(s), 1 Warning(s).
Build target 'Target 1'
compiling prog.c...
prog.c(35): warning:  #111-D: statement is unreachable
linking...
Program Size: Code=944 RO-data=16 RW-data=0 ZI-data=1256  
"Interrupt.axf" - 0 Error(s), 1 Warning(s).
Build target 'Target 1'
linking...
Program Size: Code=944 RO-data=16 RW-data=0 ZI-data=1256  
"Interrupt.axf" - 0 Error(s), 0 Warning(s).
Build target 'Target 1'
linking...
Program Size: Code=944 RO-data=16 RW-data=0 ZI-data=1256  
"Interrupt.axf" - 0 Error(s), 0 Warning(s).
Build target 'Target 1'
linking...
Program Size: Code=944 RO-data=16 RW-data=0 ZI-data=1256  
"Interrupt.axf" - 0 Error(s), 0 Warning(s).
Build target 'Target 1'
linking...
Program Size: Code=944 RO-data=16 RW-data=0 ZI-data=1256  
"Interrupt.axf" - 0 Error(s), 0 Warning(s).
Build target 'Target 1'
linking...
Program Size: Code=944 RO-data=16 RW-data=0 ZI-data=1256  
"Interrupt.axf" - 0 Error(s), 0 Warning(s).
Build target 'Target 1'
compiling prog.c...
prog.c(37): warning:  #111-D: statement is unreachable
linking...
Program Size: Code=960 RO-data=16 RW-data=0 ZI-data=1256  
"Interrupt.axf" - 0 Error(s), 1 Warning(s).
Build target 'Target 1'
linking...
Program Size: Code=960 RO-data=16 RW-data=0 ZI-data=1256  
"Interrupt.axf" - 0 Error(s), 0 Warning(s).
Build target 'Target 1'
compiling prog.c...
prog.c(37): warning:  #111-D: statement is unreachable
linking...
Program Size: Code=944 RO-data=16 RW-data=0 ZI-data=1256  
"Interrupt.axf" - 0 Error(s), 1 Warning(s).
Build target 'Target 1'
compiling prog.c...
prog.c(37): warning:  #111-D: statement is unreachable
linking...
Program Size: Code=960 RO-data=16 RW-data=0 ZI-data=1256  
"Interrupt.axf" - 0 Error(s), 1 Warning(s).
Build target 'Target 1'
compiling prog.c...
prog.c(38): warning:  #111-D: statement is unreachable
linking...
Program Size: Code=964 RO-data=16 RW-data=0 ZI-data=1256  
"Interrupt.axf" - 0 Error(s), 1 Warning(s).
Build target 'Target 1'
compiling prog.c...
prog.c(40): warning:  #111-D: statement is unreachable
linking...
Program Size: Code=964 RO-data=16 RW-data=0 ZI-data=1256  
"Interrupt.axf" - 0 Error(s), 1 Warning(s).
