<html>
<body>
<pre>
<h1>µVision Build Log</h1>
<h2>Project:</h2>
D:\EN5_22420006\ESDLAB\Lab5\VIRQ.uvproj
Project File Date:  09/13/2023

<h2>Output:</h2>
Build target 'Target 1'
assembling Startup.s...
compiling prog.c...
prog.c(42): warning:  #111-D: statement is unreachable
prog.c(43): warning:  #1-D: last line of file ends without a newline
linking...
Program Size: Code=728 RO-data=16 RW-data=0 ZI-data=1256  
"VIRQ.axf" - 0 Error(s), 2 Warning(s).
Build target 'Target 1'
linking...
Program Size: Code=1000 RO-data=16 RW-data=0 ZI-data=1256  
"VIRQ.axf" - 0 Error(s), 0 Warning(s).
Build target 'Target 1'
linking...
Program Size: Code=1000 RO-data=16 RW-data=0 ZI-data=1256  
"VIRQ.axf" - 0 Error(s), 0 Warning(s).
Build target 'Target 1'
compiling prog.c...
prog.c(42): warning:  #111-D: statement is unreachable
prog.c(43): warning:  #1-D: last line of file ends without a newline
linking...
Program Size: Code=1000 RO-data=16 RW-data=0 ZI-data=1256  
"VIRQ.axf" - 0 Error(s), 2 Warning(s).
Build target 'Target 1'
linking...
Program Size: Code=1000 RO-data=16 RW-data=0 ZI-data=1256  
"VIRQ.axf" - 0 Error(s), 0 Warning(s).
Build target 'Target 1'
compiling prog.c...
prog.c(43): warning:  #111-D: statement is unreachable
prog.c(44): warning:  #1-D: last line of file ends without a newline
linking...
Program Size: Code=1016 RO-data=16 RW-data=0 ZI-data=1256  
"VIRQ.axf" - 0 Error(s), 2 Warning(s).
Build target 'Target 1'
compiling prog.c...
prog.c(42): warning:  #111-D: statement is unreachable
prog.c(43): warning:  #1-D: last line of file ends without a newline
linking...
Program Size: Code=1000 RO-data=16 RW-data=0 ZI-data=1256  
"VIRQ.axf" - 0 Error(s), 2 Warning(s).
Build target 'Target 1'
compiling prog.c...
prog.c(41): warning:  #111-D: statement is unreachable
prog.c(42): warning:  #1-D: last line of file ends without a newline
linking...
Program Size: Code=996 RO-data=16 RW-data=0 ZI-data=1256  
"VIRQ.axf" - 0 Error(s), 2 Warning(s).
Build target 'Target 1'
linking...
Program Size: Code=996 RO-data=16 RW-data=0 ZI-data=1256  
"VIRQ.axf" - 0 Error(s), 0 Warning(s).
Build target 'Target 1'
compiling prog2.c...
prog2.c(41): warning:  #111-D: statement is unreachable
prog2.c(42): warning:  #1-D: last line of file ends without a newline
linking...
Program Size: Code=1000 RO-data=16 RW-data=0 ZI-data=1256  
"VIRQ.axf" - 0 Error(s), 2 Warning(s).
Build target 'Target 1'
compiling prog.c...
prog.c(42): warning:  #111-D: statement is unreachable
prog.c(43): warning:  #1-D: last line of file ends without a newline
linking...
Program Size: Code=1000 RO-data=16 RW-data=0 ZI-data=1256  
"VIRQ.axf" - 0 Error(s), 2 Warning(s).
Build target 'Target 1'
assembling Startup.s...
compiling prog.c...
prog.c(42): warning:  #111-D: statement is unreachable
prog.c(43): warning:  #1-D: last line of file ends without a newline
linking...
Program Size: Code=1000 RO-data=16 RW-data=0 ZI-data=1256  
"VIRQ.axf" - 0 Error(s), 2 Warning(s).
Build target 'Target 1'
assembling Startup.s...
compiling prog.c...
prog.c(43): warning:  #111-D: statement is unreachable
prog.c(44): warning:  #1-D: last line of file ends without a newline
linking...
Program Size: Code=1016 RO-data=16 RW-data=0 ZI-data=1256  
"VIRQ.axf" - 0 Error(s), 2 Warning(s).
Build target 'Target 1'
assembling Startup.s...
compiling prog.c...
prog.c(43): warning:  #111-D: statement is unreachable
prog.c(44): warning:  #1-D: last line of file ends without a newline
linking...
Program Size: Code=1016 RO-data=16 RW-data=0 ZI-data=1256  
"VIRQ.axf" - 0 Error(s), 2 Warning(s).
Build target 'Target 1'
assembling Startup.s...
compiling prog.c...
prog.c(43): warning:  #111-D: statement is unreachable
prog.c(44): warning:  #1-D: last line of file ends without a newline
linking...
Program Size: Code=1016 RO-data=16 RW-data=0 ZI-data=1256  
"VIRQ.axf" - 0 Error(s), 2 Warning(s).
Build target 'Target 1'
assembling Startup.s...
compiling prog.c...
prog.c(43): warning:  #111-D: statement is unreachable
prog.c(44): warning:  #1-D: last line of file ends without a newline
linking...
Program Size: Code=1000 RO-data=16 RW-data=0 ZI-data=1256  
"VIRQ.axf" - 0 Error(s), 2 Warning(s).
Build target 'Target 1'
compiling prog2.c...
prog2.c(41): warning:  #111-D: statement is unreachable
prog2.c(42): warning:  #1-D: last line of file ends without a newline
linking...
Program Size: Code=1000 RO-data=16 RW-data=0 ZI-data=1256  
"VIRQ.axf" - 0 Error(s), 2 Warning(s).
Build target 'Target 1'
linking...
Program Size: Code=1000 RO-data=16 RW-data=0 ZI-data=1256  
"VIRQ.axf" - 0 Error(s), 0 Warning(s).
Build target 'Target 1'
linking...
Program Size: Code=1000 RO-data=16 RW-data=0 ZI-data=1256  
"VIRQ.axf" - 0 Error(s), 0 Warning(s).
Build target 'Target 1'
linking...
Program Size: Code=1000 RO-data=16 RW-data=0 ZI-data=1256  
"VIRQ.axf" - 0 Error(s), 0 Warning(s).
Build target 'Target 1'
compiling prog2.c...
prog2.c(42): warning:  #111-D: statement is unreachable
prog2.c(43): warning:  #1-D: last line of file ends without a newline
linking...
Program Size: Code=1000 RO-data=16 RW-data=0 ZI-data=1256  
"VIRQ.axf" - 0 Error(s), 2 Warning(s).
Build target 'Target 1'
compiling prog2.c...
prog2.c(40): warning:  #111-D: statement is unreachable
prog2.c(41): warning:  #1-D: last line of file ends without a newline
linking...
Program Size: Code=992 RO-data=16 RW-data=0 ZI-data=1256  
"VIRQ.axf" - 0 Error(s), 2 Warning(s).
Build target 'Target 1'
linking...
Program Size: Code=992 RO-data=16 RW-data=0 ZI-data=1256  
"VIRQ.axf" - 0 Error(s), 0 Warning(s).
Build target 'Target 1'
compiling prog2.c...
prog2.c(50): warning:  #111-D: statement is unreachable
prog2.c(51): warning:  #1-D: last line of file ends without a newline
linking...
Program Size: Code=1080 RO-data=16 RW-data=0 ZI-data=1256  
"VIRQ.axf" - 0 Error(s), 2 Warning(s).
Build target 'Target 1'
compiling prog2.c...
prog2.c(40): warning:  #111-D: statement is unreachable
prog2.c(41): warning:  #1-D: last line of file ends without a newline
linking...
Program Size: Code=992 RO-data=16 RW-data=0 ZI-data=1256  
"VIRQ.axf" - 0 Error(s), 2 Warning(s).
Build target 'Target 1'
compiling prog2.c...
prog2.c(41): warning:  #111-D: statement is unreachable
prog2.c(42): warning:  #1-D: last line of file ends without a newline
linking...
Program Size: Code=1000 RO-data=16 RW-data=0 ZI-data=1256  
"VIRQ.axf" - 0 Error(s), 2 Warning(s).
Build target 'Target 1'
compiling prog.c...
prog.c(44): warning:  #111-D: statement is unreachable
prog.c(45): warning:  #1-D: last line of file ends without a newline
linking...
Program Size: Code=1000 RO-data=16 RW-data=0 ZI-data=1256  
"VIRQ.axf" - 0 Error(s), 2 Warning(s).
Build target 'Target 1'
compiling prog2.c...
prog2.c(42): warning:  #111-D: statement is unreachable
prog2.c(43): warning:  #1-D: last line of file ends without a newline
linking...
Program Size: Code=1008 RO-data=16 RW-data=0 ZI-data=1256  
"VIRQ.axf" - 0 Error(s), 2 Warning(s).
