<html>
<body>
<pre>
<h1>µVision Build Log</h1>
<h2>Project:</h2>
D:\ESDLAB\ESDLAPract\LAEN2\LAEN2.uvproj
Project File Date:  10/06/2023

<h2>Output:</h2>
Build target 'Target 1'
linking...
Program Size: Code=1152 RO-data=32 RW-data=12 ZI-data=1260  
FromELF: creating hex file...
"LAEN2.axf" - 0 Error(s), 0 Warning(s).
Build target 'Target 1'
compiling prog.c...
prog.c(40): warning:  #61-D: integer operation result is out of range
prog.c(58): warning:  #111-D: statement is unreachable
linking...
Program Size: Code=1152 RO-data=32 RW-data=12 ZI-data=1260  
FromELF: creating hex file...
"LAEN2.axf" - 0 Error(s), 2 Warning(s).
Build target 'Target 1'
compiling prog.c...
prog.c(48): warning:  #61-D: integer operation result is out of range
prog.c(66): warning:  #111-D: statement is unreachable
linking...
Program Size: Code=1220 RO-data=32 RW-data=12 ZI-data=1260  
FromELF: creating hex file...
"LAEN2.axf" - 0 Error(s), 2 Warning(s).
Build target 'Target 1'
compiling prog.c...
prog.c(30): error:  #20: identifier "s" is undefined
prog.c(31): error:  #65: expected a ";"
prog.c(43): warning:  #12-D: parsing restarts here after previous syntax error
prog.c(15): warning:  #550-D: variable "temp" was set but never used
prog.c(48): warning:  #61-D: integer operation result is out of range
prog.c(66): warning:  #111-D: statement is unreachable
Target not created
Build target 'Target 1'
compiling prog.c...
prog.c(48): warning:  #61-D: integer operation result is out of range
prog.c(66): warning:  #111-D: statement is unreachable
linking...
Program Size: Code=1232 RO-data=32 RW-data=12 ZI-data=1260  
FromELF: creating hex file...
"LAEN2.axf" - 0 Error(s), 2 Warning(s).
Build target 'Target 1'
compiling prog.c...
prog.c(48): warning:  #61-D: integer operation result is out of range
prog.c(66): warning:  #111-D: statement is unreachable
linking...
Program Size: Code=1232 RO-data=32 RW-data=12 ZI-data=1260  
FromELF: creating hex file...
"LAEN2.axf" - 0 Error(s), 2 Warning(s).
Build target 'Target 1'
compiling prog.c...
prog.c(48): warning:  #61-D: integer operation result is out of range
prog.c(66): warning:  #111-D: statement is unreachable
linking...
Program Size: Code=1252 RO-data=32 RW-data=12 ZI-data=1260  
FromELF: creating hex file...
"LAEN2.axf" - 0 Error(s), 2 Warning(s).
Build target 'Target 1'
compiling prog.c...
prog.c(40): warning:  #61-D: integer operation result is out of range
prog.c(58): warning:  #111-D: statement is unreachable
linking...
Program Size: Code=1172 RO-data=32 RW-data=12 ZI-data=1260  
FromELF: creating hex file...
"LAEN2.axf" - 0 Error(s), 2 Warning(s).
Build target 'Target 1'
compiling prog.c...
prog.c(40): warning:  #61-D: integer operation result is out of range
prog.c(58): warning:  #111-D: statement is unreachable
linking...
Program Size: Code=1172 RO-data=32 RW-data=12 ZI-data=1260  
FromELF: creating hex file...
"LAEN2.axf" - 0 Error(s), 2 Warning(s).
Build target 'Target 1'
compiling prog.c...
prog.c(40): warning:  #61-D: integer operation result is out of range
prog.c(58): warning:  #111-D: statement is unreachable
linking...
Program Size: Code=1172 RO-data=32 RW-data=12 ZI-data=1260  
FromELF: creating hex file...
"LAEN2.axf" - 0 Error(s), 2 Warning(s).
