<html>
<body>
<pre>
<h1>µVision Build Log</h1>
<h2>Project:</h2>
D:\ESDLAB\ESDLAPract\LAEN4\LAEN4.uvproj
Project File Date:  10/03/2023

<h2>Output:</h2>
Build target 'Target 1'
compiling prog.c...
prog.c(31): warning:  #61-D: integer operation result is out of range
prog.c(43): warning:  #61-D: integer operation result is out of range
prog.c(43): warning:  #68-D: integer conversion resulted in a change of sign
prog.c(51): warning:  #61-D: integer operation result is out of range
prog.c(51): warning:  #68-D: integer conversion resulted in a change of sign
prog.c(53): warning:  #61-D: integer operation result is out of range
prog.c(53): warning:  #68-D: integer conversion resulted in a change of sign
prog.c(59): warning:  #111-D: statement is unreachable
linking...
Program Size: Code=1240 RO-data=32 RW-data=8 ZI-data=1256  
FromELF: creating hex file...
"LAEN4.axf" - 0 Error(s), 8 Warning(s).
Build target 'Target 1'
compiling prog.c...
prog.c(31): warning:  #61-D: integer operation result is out of range
prog.c(43): warning:  #61-D: integer operation result is out of range
prog.c(43): warning:  #68-D: integer conversion resulted in a change of sign
prog.c(51): warning:  #61-D: integer operation result is out of range
prog.c(51): warning:  #68-D: integer conversion resulted in a change of sign
prog.c(53): warning:  #61-D: integer operation result is out of range
prog.c(53): warning:  #68-D: integer conversion resulted in a change of sign
prog.c(59): warning:  #111-D: statement is unreachable
linking...
Program Size: Code=1240 RO-data=32 RW-data=8 ZI-data=1256  
FromELF: creating hex file...
"LAEN4.axf" - 0 Error(s), 8 Warning(s).
Build target 'Target 1'
compiling prog.c...
prog.c(31): warning:  #61-D: integer operation result is out of range
prog.c(43): warning:  #61-D: integer operation result is out of range
prog.c(43): warning:  #68-D: integer conversion resulted in a change of sign
prog.c(51): warning:  #61-D: integer operation result is out of range
prog.c(51): warning:  #68-D: integer conversion resulted in a change of sign
prog.c(53): warning:  #61-D: integer operation result is out of range
prog.c(53): warning:  #68-D: integer conversion resulted in a change of sign
prog.c(59): warning:  #111-D: statement is unreachable
linking...
Program Size: Code=1240 RO-data=32 RW-data=8 ZI-data=1256  
FromELF: creating hex file...
"LAEN4.axf" - 0 Error(s), 8 Warning(s).
