<html>
<body>
<pre>
<h1>µVision Build Log</h1>
<h2>Project:</h2>
D:\ESDLAB\Interrupt\VIRQ\VIRQ.uvproj
Project File Date:  10/25/2023

<h2>Output:</h2>
Build target 'Target 1'
assembling Startup.s...
compiling prog1.c...
prog1.c(29): warning:  #1-D: last line of file ends without a newline
linking...
Program Size: Code=648 RO-data=16 RW-data=0 ZI-data=1256  
"VIRQ.axf" - 0 Error(s), 1 Warning(s).
Build target 'Target 1'
compiling prog1.c...
linking...
Program Size: Code=648 RO-data=16 RW-data=0 ZI-data=1256  
"VIRQ.axf" - 0 Error(s), 0 Warning(s).
Build target 'Target 1'
linking...
Program Size: Code=920 RO-data=16 RW-data=0 ZI-data=1256  
"VIRQ.axf" - 0 Error(s), 0 Warning(s).
Build target 'Target 1'
linking...
Program Size: Code=920 RO-data=16 RW-data=0 ZI-data=1256  
FromELF: creating hex file...
"prog1.axf" - 0 Error(s), 0 Warning(s).
Build target 'Target 1'
compiling prog2.c...
linking...
Program Size: Code=912 RO-data=16 RW-data=0 ZI-data=1256  
FromELF: creating hex file...
"prog1.axf" - 0 Error(s), 0 Warning(s).
