<html>
<body>
<pre>
<h1>µVision Build Log</h1>
<h2>Project:</h2>
E:\ESDLAB_22420006\SwitchLED\SwitchLED.uvproj
Project File Date:  08/22/2023

<h2>Output:</h2>
Build target 'Target 1'
assembling Startup.s...
compiling prog.c...
prog.c(16): warning:  #1-D: last line of file ends without a newline
linking...
Program Size: Code=552 RO-data=16 RW-data=0 ZI-data=1256  
"SwitchLED.axf" - 0 Error(s), 1 Warning(s).
Build target 'Target 1'
compiling prog.c...
prog.c(11): warning:  #1-D: last line of file ends without a newline
linking...
Program Size: Code=520 RO-data=16 RW-data=0 ZI-data=1256  
"SwitchLED.axf" - 0 Error(s), 1 Warning(s).
Build target 'Target 1'
compiling prog.c...
prog.c(15): warning:  #111-D: statement is unreachable
prog.c(16): warning:  #1-D: last line of file ends without a newline
linking...
Program Size: Code=524 RO-data=16 RW-data=0 ZI-data=1256  
"SwitchLED.axf" - 0 Error(s), 2 Warning(s).
Build target 'Target 1'
compiling prog.c...
prog.c(16): warning:  #111-D: statement is unreachable
prog.c(17): warning:  #1-D: last line of file ends without a newline
linking...
Program Size: Code=524 RO-data=16 RW-data=0 ZI-data=1256  
"SwitchLED.axf" - 0 Error(s), 2 Warning(s).
Build target 'Target 1'
compiling prog.c...
prog.c(16): warning:  #111-D: statement is unreachable
prog.c(17): warning:  #1-D: last line of file ends without a newline
linking...
Program Size: Code=552 RO-data=16 RW-data=0 ZI-data=1256  
"SwitchLED.axf" - 0 Error(s), 2 Warning(s).
Build target 'Target 1'
compiling prog.c...
prog.c(16): warning:  #111-D: statement is unreachable
prog.c(17): warning:  #1-D: last line of file ends without a newline
linking...
Program Size: Code=524 RO-data=16 RW-data=0 ZI-data=1256  
"SwitchLED.axf" - 0 Error(s), 2 Warning(s).
Build target 'Target 1'
linking...
Program Size: Code=524 RO-data=16 RW-data=0 ZI-data=1256  
FromELF: creating hex file...
"SwitchLED.axf" - 0 Error(s), 0 Warning(s).
Build target 'Target 1'
compiling ccssd.c...
ccssd.c(20): warning:  #111-D: statement is unreachable
ccssd.c(21): warning:  #1-D: last line of file ends without a newline
linking...
Program Size: Code=580 RO-data=16 RW-data=0 ZI-data=1256  
FromELF: creating hex file...
"SwitchLED.axf" - 0 Error(s), 2 Warning(s).
Build target 'Target 1'
linking...
Program Size: Code=580 RO-data=16 RW-data=0 ZI-data=1256  
FromELF: creating hex file...
"ccssd.axf" - 0 Error(s), 0 Warning(s).
Build target 'Target 1'
compiling ccssd.c...
ccssd.c(20): warning:  #111-D: statement is unreachable
ccssd.c(21): warning:  #1-D: last line of file ends without a newline
linking...
Program Size: Code=580 RO-data=16 RW-data=0 ZI-data=1256  
FromELF: creating hex file...
"ccssd.axf" - 0 Error(s), 2 Warning(s).
Build target 'Target 1'
compiling ccssd.c...
ccssd.c(20): warning:  #111-D: statement is unreachable
ccssd.c(21): warning:  #1-D: last line of file ends without a newline
linking...
Program Size: Code=580 RO-data=16 RW-data=0 ZI-data=1256  
FromELF: creating hex file...
"ccssd.axf" - 0 Error(s), 2 Warning(s).
Build target 'Target 1'
compiling ccssd.c...
ccssd.c(20): warning:  #111-D: statement is unreachable
ccssd.c(21): warning:  #1-D: last line of file ends without a newline
linking...
Program Size: Code=580 RO-data=16 RW-data=0 ZI-data=1256  
FromELF: creating hex file...
"ccssd.axf" - 0 Error(s), 2 Warning(s).
Build target 'Target 1'
compiling prog.c...
prog.c(16): warning:  #111-D: statement is unreachable
prog.c(17): warning:  #1-D: last line of file ends without a newline
linking...
Program Size: Code=524 RO-data=16 RW-data=0 ZI-data=1256  
FromELF: creating hex file...
"switch.axf" - 0 Error(s), 2 Warning(s).
Build target 'Target 1'
compiling ccssd.c...
ccssd.c(20): warning:  #111-D: statement is unreachable
ccssd.c(21): warning:  #1-D: last line of file ends without a newline
linking...
Program Size: Code=580 RO-data=16 RW-data=0 ZI-data=1256  
FromELF: creating hex file...
"cassd.axf" - 0 Error(s), 2 Warning(s).
Build target 'Target 1'
linking...
Program Size: Code=580 RO-data=16 RW-data=0 ZI-data=1256  
FromELF: creating hex file...
"cassd.axf" - 0 Error(s), 0 Warning(s).
Build target 'Target 1'
linking...
Program Size: Code=580 RO-data=16 RW-data=0 ZI-data=1256  
FromELF: creating hex file...
"cassd.axf" - 0 Error(s), 0 Warning(s).
