<html>
<body>
<pre>
<h1>µVision Build Log</h1>
<h2>Project:</h2>
D:\ESDLAB\ADC\Test\test.uvproj
Project File Date:  10/17/2023

<h2>Output:</h2>
Build target 'Target 1'
assembling Startup.s...
linking...
test.axf: Warning: L6665W: Neither Lib$$Request$$armlib Lib$$Request$$cpplib defined, not searching ARM libraries.
test.axf: Error: L6411E: No compatible library exists with a definition of startup symbol __main.
Target not created
Build target 'Target 1'
compiling prog.c...
prog.c(2): error:  #5: cannot open source input file "LPC8.h": No such file or directory
Target not created
Build target 'Target 1'
compiling prog.c...
LCD8.h(31): error:  #65: expected a ";"
prog.c(3): error:  #28: expression must have a constant value
prog.c(7): warning:  #1-D: last line of file ends without a newline
Target not created
Build target 'Target 1'
compiling prog.c...
prog.c(3): error:  #28: expression must have a constant value
prog.c(7): warning:  #1-D: last line of file ends without a newline
Target not created
Build target 'Target 1'
compiling prog.c...
prog.c(3): error:  #28: expression must have a constant value
Target not created
Build target 'Target 1'
compiling prog.c...
prog.c(3): error:  #28: expression must have a constant value
Target not created
Build target 'Target 1'
compiling prog.c...
prog.c(3): error:  #28: expression must have a constant value
prog.c(3): warning:  #177-D: variable "temp" was declared but never referenced
Target not created
Build target 'Target 1'
compiling prog.c...
prog.c(3): error:  #28: expression must have a constant value
Target not created
Build target 'Target 1'
compiling prog.c...
linking...
Program Size: Code=772 RO-data=16 RW-data=0 ZI-data=1256  
"test.axf" - 0 Error(s), 0 Warning(s).
Build target 'Target 1'
compiling prog.c...
linking...
Program Size: Code=780 RO-data=16 RW-data=0 ZI-data=1256  
"test.axf" - 0 Error(s), 0 Warning(s).
Build target 'Target 1'
compiling prog.c...
linking...
Program Size: Code=828 RO-data=32 RW-data=4 ZI-data=1260  
"test.axf" - 0 Error(s), 0 Warning(s).
Build target 'Target 1'
compiling prog.c...
linking...
Program Size: Code=828 RO-data=32 RW-data=4 ZI-data=1260  
"test.axf" - 0 Error(s), 0 Warning(s).
Build target 'Target 1'
linking...
Program Size: Code=828 RO-data=32 RW-data=4 ZI-data=1260  
"test.axf" - 0 Error(s), 0 Warning(s).
Build target 'Target 1'
compiling prog.c...
linking...
Program Size: Code=832 RO-data=32 RW-data=4 ZI-data=1260  
"test.axf" - 0 Error(s), 0 Warning(s).
Build target 'Target 1'
compiling prog.c...
prog.c(16): warning:  #167-D: argument of type "char *" is incompatible with parameter of type "unsigned char *"
linking...
Program Size: Code=1496 RO-data=32 RW-data=12 ZI-data=1260  
"test.axf" - 0 Error(s), 1 Warning(s).
Build target 'Target 1'
linking...
Program Size: Code=1496 RO-data=32 RW-data=12 ZI-data=1260  
FromELF: creating hex file...
"test.axf" - 0 Error(s), 0 Warning(s).
Build target 'Target 1'
compiling prog.c...
prog.c(16): warning:  #167-D: argument of type "char *" is incompatible with parameter of type "unsigned char *"
linking...
Program Size: Code=1496 RO-data=32 RW-data=8 ZI-data=1256  
FromELF: creating hex file...
"test.axf" - 0 Error(s), 1 Warning(s).
Build target 'Target 1'
compiling prog.c...
prog.c(15): warning:  #167-D: argument of type "unsigned char *" is incompatible with parameter of type "char *restrict"
linking...
Program Size: Code=1496 RO-data=32 RW-data=12 ZI-data=1260  
FromELF: creating hex file...
"test.axf" - 0 Error(s), 1 Warning(s).
Build target 'Target 1'
compiling prog.c...
prog.c(14): warning:  #61-D: integer operation result is out of range
prog.c(14): warning:  #68-D: integer conversion resulted in a change of sign
prog.c(15): warning:  #167-D: argument of type "unsigned char *" is incompatible with parameter of type "char *restrict"
linking...
Program Size: Code=1496 RO-data=32 RW-data=12 ZI-data=1260  
FromELF: creating hex file...
"test.axf" - 0 Error(s), 3 Warning(s).
Build target 'Target 1'
compiling prog.c...
prog.c(14): warning:  #61-D: integer operation result is out of range
prog.c(14): warning:  #68-D: integer conversion resulted in a change of sign
prog.c(16): warning:  #167-D: argument of type "unsigned char *" is incompatible with parameter of type "char *restrict"
linking...
Program Size: Code=1520 RO-data=32 RW-data=12 ZI-data=1260  
FromELF: creating hex file...
"test.axf" - 0 Error(s), 3 Warning(s).
Build target 'Target 1'
compiling prog.c...
prog.c(14): warning:  #61-D: integer operation result is out of range
prog.c(14): warning:  #68-D: integer conversion resulted in a change of sign
prog.c(16): warning:  #167-D: argument of type "unsigned char *" is incompatible with parameter of type "char *restrict"
linking...
Program Size: Code=1520 RO-data=32 RW-data=12 ZI-data=1260  
FromELF: creating hex file...
"test.axf" - 0 Error(s), 3 Warning(s).
Build target 'Target 1'
compiling prog.c...
prog.c(14): warning:  #61-D: integer operation result is out of range
prog.c(14): warning:  #68-D: integer conversion resulted in a change of sign
prog.c(16): warning:  #167-D: argument of type "unsigned char *" is incompatible with parameter of type "char *restrict"
linking...
Program Size: Code=1520 RO-data=32 RW-data=12 ZI-data=1260  
FromELF: creating hex file...
"test.axf" - 0 Error(s), 3 Warning(s).
Build target 'Target 1'
compiling prog.c...
prog.c(14): warning:  #61-D: integer operation result is out of range
prog.c(14): warning:  #68-D: integer conversion resulted in a change of sign
prog.c(16): error:  #20: identifier "temp" is undefined
prog.c(16): warning:  #167-D: argument of type "unsigned char *" is incompatible with parameter of type "char *restrict"
Target not created
Build target 'Target 1'
compiling prog.c...
prog.c(14): warning:  #61-D: integer operation result is out of range
prog.c(14): warning:  #68-D: integer conversion resulted in a change of sign
prog.c(16): warning:  #167-D: argument of type "unsigned char *" is incompatible with parameter of type "char *restrict"
linking...
Program Size: Code=1524 RO-data=32 RW-data=16 ZI-data=1256  
FromELF: creating hex file...
"test.axf" - 0 Error(s), 3 Warning(s).
Build target 'Target 1'
compiling prog.c...
prog.c(14): warning:  #61-D: integer operation result is out of range
prog.c(14): warning:  #68-D: integer conversion resulted in a change of sign
prog.c(15): warning:  #167-D: argument of type "unsigned char *" is incompatible with parameter of type "char *restrict"
linking...
Program Size: Code=1496 RO-data=32 RW-data=16 ZI-data=1256  
FromELF: creating hex file...
"test.axf" - 0 Error(s), 3 Warning(s).
Build target 'Target 1'
compiling prog.c...
prog.c(14): warning:  #61-D: integer operation result is out of range
prog.c(14): warning:  #68-D: integer conversion resulted in a change of sign
prog.c(15): warning:  #167-D: argument of type "unsigned char *" is incompatible with parameter of type "char *restrict"
linking...
Program Size: Code=1496 RO-data=32 RW-data=16 ZI-data=1256  
FromELF: creating hex file...
"test.axf" - 0 Error(s), 3 Warning(s).
Build target 'Target 1'
compiling prog.c...
prog.c(15): warning:  #167-D: argument of type "unsigned char *" is incompatible with parameter of type "char *restrict"
linking...
Program Size: Code=1496 RO-data=32 RW-data=16 ZI-data=1256  
FromELF: creating hex file...
"test.axf" - 0 Error(s), 1 Warning(s).
Build target 'Target 1'
compiling prog.c...
prog.c(15): warning:  #167-D: argument of type "unsigned char *" is incompatible with parameter of type "char *restrict"
linking...
Program Size: Code=1496 RO-data=32 RW-data=8 ZI-data=1256  
FromELF: creating hex file...
"test.axf" - 0 Error(s), 1 Warning(s).
Build target 'Target 1'
compiling prog.c...
prog.c(15): warning:  #167-D: argument of type "unsigned char *" is incompatible with parameter of type "char *restrict"
linking...
Program Size: Code=1496 RO-data=32 RW-data=8 ZI-data=1256  
FromELF: creating hex file...
"test.axf" - 0 Error(s), 1 Warning(s).
Build target 'Target 1'
compiling prog.c...
prog.c(15): warning:  #167-D: argument of type "unsigned char *" is incompatible with parameter of type "char *restrict"
linking...
Program Size: Code=1496 RO-data=32 RW-data=8 ZI-data=1256  
FromELF: creating hex file...
"test.axf" - 0 Error(s), 1 Warning(s).
Build target 'Target 1'
linking...
Program Size: Code=1496 RO-data=32 RW-data=8 ZI-data=1256  
FromELF: creating hex file...
"test.axf" - 0 Error(s), 0 Warning(s).
Build target 'Target 1'
compiling prog.c...
prog.c(15): warning:  #167-D: argument of type "unsigned char *" is incompatible with parameter of type "char *restrict"
linking...
Program Size: Code=1496 RO-data=32 RW-data=4 ZI-data=1292  
FromELF: creating hex file...
"test.axf" - 0 Error(s), 1 Warning(s).
Build target 'Target 1'
compiling prog.c...
prog.c(16): warning:  #167-D: argument of type "char *" is incompatible with parameter of type "unsigned char *"
linking...
Program Size: Code=1496 RO-data=32 RW-data=4 ZI-data=1292  
FromELF: creating hex file...
"test.axf" - 0 Error(s), 1 Warning(s).
Build target 'Target 1'
linking...
Program Size: Code=1496 RO-data=32 RW-data=4 ZI-data=1292  
FromELF: creating hex file...
"test.axf" - 0 Error(s), 0 Warning(s).
Build target 'Target 1'
compiling prog.c...
prog.c(16): warning:  #167-D: argument of type "char *" is incompatible with parameter of type "unsigned char *"
linking...
Program Size: Code=1496 RO-data=32 RW-data=4 ZI-data=1292  
FromELF: creating hex file...
"test.axf" - 0 Error(s), 1 Warning(s).
Build target 'Target 1'
linking...
Program Size: Code=1496 RO-data=32 RW-data=4 ZI-data=1292  
FromELF: creating hex file...
"test.axf" - 0 Error(s), 0 Warning(s).
Build target 'Target 1'
linking...
Program Size: Code=1496 RO-data=32 RW-data=4 ZI-data=1292  
FromELF: creating hex file...
"test.axf" - 0 Error(s), 0 Warning(s).
compiling prog.c...
prog.c(16): warning:  #167-D: argument of type "char *" is incompatible with parameter of type "unsigned char *"
prog.c - 0 Error(s), 1 Warning(s).
Build target 'Target 1'
linking...
Program Size: Code=1496 RO-data=32 RW-data=4 ZI-data=1292  
FromELF: creating hex file...
"test.axf" - 0 Error(s), 0 Warning(s).
Build target 'Target 1'
compiling prog.c...
prog.c(16): warning:  #167-D: argument of type "char *" is incompatible with parameter of type "unsigned char *"
linking...
Program Size: Code=1496 RO-data=32 RW-data=4 ZI-data=1292  
FromELF: creating hex file...
"test.axf" - 0 Error(s), 1 Warning(s).
Build target 'Target 1'
linking...
Program Size: Code=1496 RO-data=32 RW-data=4 ZI-data=1292  
FromELF: creating hex file...
"test.axf" - 0 Error(s), 0 Warning(s).
Build target 'Target 1'
linking...
Program Size: Code=1496 RO-data=32 RW-data=4 ZI-data=1292  
FromELF: creating hex file...
"test.axf" - 0 Error(s), 0 Warning(s).
Build target 'Target 1'
linking...
Program Size: Code=1496 RO-data=32 RW-data=4 ZI-data=1292  
FromELF: creating hex file...
"test.axf" - 0 Error(s), 0 Warning(s).
compiling prog.c...
prog.c(16): warning:  #167-D: argument of type "char *" is incompatible with parameter of type "unsigned char *"
prog.c - 0 Error(s), 1 Warning(s).
Build target 'Target 1'
linking...
Program Size: Code=1496 RO-data=32 RW-data=4 ZI-data=1292  
FromELF: creating hex file...
"test.axf" - 0 Error(s), 0 Warning(s).
Build target 'Target 1'
compiling prog.c...
prog.c(16): warning:  #167-D: argument of type "char *" is incompatible with parameter of type "unsigned char *"
linking...
Program Size: Code=1496 RO-data=32 RW-data=4 ZI-data=1292  
FromELF: creating hex file...
"test.axf" - 0 Error(s), 1 Warning(s).
Build target 'Target 1'
compiling prog.c...
prog.c(16): warning:  #167-D: argument of type "char *" is incompatible with parameter of type "unsigned char *"
linking...
Program Size: Code=1496 RO-data=32 RW-data=4 ZI-data=1292  
FromELF: creating hex file...
"test.axf" - 0 Error(s), 1 Warning(s).
Build target 'Target 1'
linking...
Program Size: Code=1496 RO-data=32 RW-data=4 ZI-data=1292  
FromELF: creating hex file...
"test.axf" - 0 Error(s), 0 Warning(s).
Build target 'Target 1'
compiling prog.c...
prog.c(16): warning:  #167-D: argument of type "char *" is incompatible with parameter of type "unsigned char *"
linking...
Program Size: Code=1496 RO-data=32 RW-data=4 ZI-data=1292  
FromELF: creating hex file...
"test.axf" - 0 Error(s), 1 Warning(s).
Build target 'Target 1'
compiling prog.c...
prog.c(11): warning:  #167-D: argument of type "unsigned char *" is incompatible with parameter of type "char *restrict"
linking...
Program Size: Code=1496 RO-data=32 RW-data=4 ZI-data=1292  
FromELF: creating hex file...
"test.axf" - 0 Error(s), 1 Warning(s).
Build target 'Target 1'
linking...
Program Size: Code=1496 RO-data=32 RW-data=4 ZI-data=1292  
FromELF: creating hex file...
"test.axf" - 0 Error(s), 0 Warning(s).
Build target 'Target 1'
compiling prog.c...
prog.c(11): warning:  #167-D: argument of type "unsigned char *" is incompatible with parameter of type "char *restrict"
linking...
Program Size: Code=1496 RO-data=32 RW-data=8 ZI-data=1256  
FromELF: creating hex file...
"test.axf" - 0 Error(s), 1 Warning(s).
Build target 'Target 1'
compiling prog.c...
prog.c(12): warning:  #167-D: argument of type "unsigned char *" is incompatible with parameter of type "char *restrict"
linking...
Program Size: Code=1516 RO-data=32 RW-data=12 ZI-data=1260  
FromELF: creating hex file...
"test.axf" - 0 Error(s), 1 Warning(s).
Build target 'Target 1'
linking...
Program Size: Code=1516 RO-data=32 RW-data=12 ZI-data=1260  
FromELF: creating hex file...
"test.axf" - 0 Error(s), 0 Warning(s).
Build target 'Target 1'
linking...
Program Size: Code=1516 RO-data=32 RW-data=12 ZI-data=1260  
FromELF: creating hex file...
"test.axf" - 0 Error(s), 0 Warning(s).
Build target 'Target 1'
compiling prog.c...
prog.c(12): warning:  #223-D: function "binaryToDecimal" declared implicitly
prog.c(13): warning:  #226-D: invalid format string conversion
prog.c(19): error:  #167: argument of type "int" is incompatible with parameter of type "unsigned char *"
prog.c(23): error:  #167: argument of type "int" is incompatible with parameter of type "unsigned char *"
Target not created
Build target 'Target 1'
compiling prog.c...
prog.c(12): warning:  #223-D: function "binaryToDecimal" declared implicitly
prog.c(13): warning:  #226-D: invalid format string conversion
prog.c(19): warning:  #167-D: argument of type "char *" is incompatible with parameter of type "unsigned char *"
prog.c(23): warning:  #167-D: argument of type "char *" is incompatible with parameter of type "unsigned char *"
linking...
test.axf: Error: L6218E: Undefined symbol binaryToDecimal (referred from prog.o).
Target not created
Build target 'Target 1'
linking...
test.axf: Error: L6218E: Undefined symbol binaryToDecimal (referred from prog.o).
Target not created
Build target 'Target 1'
linking...
test.axf: Error: L6218E: Undefined symbol binaryToDecimal (referred from prog.o).
Target not created
Build target 'Target 1'
compiling prog.c...
prog.c(23): warning:  #226-D: invalid format string conversion
prog.c(29): warning:  #167-D: argument of type "char *" is incompatible with parameter of type "unsigned char *"
prog.c(33): warning:  #167-D: argument of type "char *" is incompatible with parameter of type "unsigned char *"
linking...
Program Size: Code=2356 RO-data=52 RW-data=8 ZI-data=1272  
FromELF: creating hex file...
"test.axf" - 0 Error(s), 3 Warning(s).
Build target 'Target 1'
linking...
Program Size: Code=2356 RO-data=52 RW-data=8 ZI-data=1272  
FromELF: creating hex file...
"test.axf" - 0 Error(s), 0 Warning(s).
Build target 'Target 1'
compiling prog.c...
prog.c(23): warning:  #226-D: invalid format string conversion
prog.c(29): warning:  #167-D: argument of type "char *" is incompatible with parameter of type "unsigned char *"
prog.c(33): warning:  #167-D: argument of type "char *" is incompatible with parameter of type "unsigned char *"
linking...
Program Size: Code=2356 RO-data=52 RW-data=8 ZI-data=1272  
FromELF: creating hex file...
"test.axf" - 0 Error(s), 3 Warning(s).
Build target 'Target 1'
linking...
Program Size: Code=2356 RO-data=52 RW-data=8 ZI-data=1272  
FromELF: creating hex file...
"test.axf" - 0 Error(s), 0 Warning(s).
Build target 'Target 1'
compiling prog.c...
prog.c(23): warning:  #226-D: invalid format string conversion
prog.c(24): warning:  #167-D: argument of type "char *" is incompatible with parameter of type "unsigned char *"
prog.c(31): warning:  #167-D: argument of type "char *" is incompatible with parameter of type "unsigned char *"
prog.c(35): warning:  #167-D: argument of type "char *" is incompatible with parameter of type "unsigned char *"
linking...
Program Size: Code=2368 RO-data=52 RW-data=8 ZI-data=1272  
FromELF: creating hex file...
"test.axf" - 0 Error(s), 4 Warning(s).
Build target 'Target 1'
compiling prog.c...
prog.c(24): warning:  #226-D: invalid format string conversion
prog.c(29): warning:  #167-D: argument of type "char *" is incompatible with parameter of type "unsigned char *"
prog.c(34): warning:  #167-D: argument of type "char *" is incompatible with parameter of type "unsigned char *"
linking...
Program Size: Code=2356 RO-data=52 RW-data=8 ZI-data=1272  
FromELF: creating hex file...
"test.axf" - 0 Error(s), 3 Warning(s).
Build target 'Target 1'
compiling prog.c...
prog.c(30): warning:  #226-D: invalid format string conversion
prog.c(35): warning:  #167-D: argument of type "char *" is incompatible with parameter of type "unsigned char *"
prog.c(40): warning:  #167-D: argument of type "char *" is incompatible with parameter of type "unsigned char *"
linking...
Program Size: Code=2400 RO-data=52 RW-data=8 ZI-data=1272  
FromELF: creating hex file...
"test.axf" - 0 Error(s), 3 Warning(s).
Build target 'Target 1'
compiling prog.c...
prog.c(30): warning:  #226-D: invalid format string conversion
prog.c(35): warning:  #167-D: argument of type "char *" is incompatible with parameter of type "unsigned char *"
prog.c(40): warning:  #167-D: argument of type "char *" is incompatible with parameter of type "unsigned char *"
linking...
Program Size: Code=2400 RO-data=52 RW-data=8 ZI-data=1272  
FromELF: creating hex file...
"test.axf" - 0 Error(s), 3 Warning(s).
Build target 'Target 1'
compiling prog.c...
prog.c(30): warning:  #226-D: invalid format string conversion
prog.c(33): warning:  #167-D: argument of type "char *" is incompatible with parameter of type "unsigned char *"
prog.c(38): warning:  #167-D: argument of type "char *" is incompatible with parameter of type "unsigned char *"
linking...
Program Size: Code=2388 RO-data=52 RW-data=8 ZI-data=1272  
FromELF: creating hex file...
"test.axf" - 0 Error(s), 3 Warning(s).
Build target 'Target 1'
compiling prog.c...
prog.c(30): warning:  #226-D: invalid format string conversion
prog.c(33): warning:  #167-D: argument of type "char *" is incompatible with parameter of type "unsigned char *"
prog.c(38): warning:  #167-D: argument of type "char *" is incompatible with parameter of type "unsigned char *"
linking...
Program Size: Code=2388 RO-data=52 RW-data=8 ZI-data=1272  
FromELF: creating hex file...
"test.axf" - 0 Error(s), 3 Warning(s).
Build target 'Target 1'
compiling prog.c...
prog.c(30): warning:  #226-D: invalid format string conversion
prog.c(33): warning:  #167-D: argument of type "char *" is incompatible with parameter of type "unsigned char *"
prog.c(38): warning:  #167-D: argument of type "char *" is incompatible with parameter of type "unsigned char *"
linking...
Program Size: Code=2128 RO-data=52 RW-data=8 ZI-data=1272  
FromELF: creating hex file...
"test.axf" - 0 Error(s), 3 Warning(s).
