<html>
<body>
<pre>
<h1>µVision Build Log</h1>
<h2>Project:</h2>
D:\ESDLAB\TimerCounter\SimpleCapture\simplecap.uvproj
Project File Date:  10/11/2023

<h2>Output:</h2>
Build target 'Target 1'
assembling Startup.s...
linking...
simplecap.axf: Warning: L6665W: Neither Lib$$Request$$armlib Lib$$Request$$cpplib defined, not searching ARM libraries.
simplecap.axf: Error: L6411E: No compatible library exists with a definition of startup symbol __main.
Target not created
Build target 'Target 1'
compiling capprog.c...
capprog.c(11): warning:  #1-D: last line of file ends without a newline
linking...
Program Size: Code=528 RO-data=16 RW-data=0 ZI-data=1256  
"simplecap.axf" - 0 Error(s), 1 Warning(s).
Build target 'Target 1'
compiling capprog.c...
linking...
Program Size: Code=528 RO-data=16 RW-data=0 ZI-data=1256  
"simplecap.axf" - 0 Error(s), 0 Warning(s).
Build target 'Target 1'
compiling capprog.c...
linking...
Program Size: Code=528 RO-data=16 RW-data=0 ZI-data=1256  
"simplecap.axf" - 0 Error(s), 0 Warning(s).
Build target 'Target 1'
compiling capprog.c...
linking...
Program Size: Code=528 RO-data=16 RW-data=0 ZI-data=1256  
"simplecap.axf" - 0 Error(s), 0 Warning(s).
compiling capprog.c...
capprog.c - 0 Error(s), 0 Warning(s).
Build target 'Target 1'
compiling capprog.c...
linking...
Program Size: Code=528 RO-data=16 RW-data=0 ZI-data=1256  
"simplecap.axf" - 0 Error(s), 0 Warning(s).
Build target 'Target 1'
compiling capprog.c...
capprog.c(3): error:  #29: expected an expression
capprog.c(3): error:  #1514: an empty initializer is invalid for an array with unspecified bound
capprog.c(4): error:  #29: expected an expression
capprog.c(4): error:  #1514: an empty initializer is invalid for an array with unspecified bound
Target not created
Build target 'Target 1'
compiling capprog.c...
capprog.c(16): error:  #20: identifier "TOCR0" is undefined
capprog.c(17): warning:  #223-D: function "sprintf" declared implicitly
capprog.c(18): error:  #20: identifier "LCD_CMD" is undefined
capprog.c(19): warning:  #223-D: function "delay_ms" declared implicitly
capprog.c(22): warning:  #223-D: function "LCD_STRING" declared implicitly
Target not created
Build target 'Target 1'
compiling capprog.c...
capprog.c(17): error:  #20: identifier "TOCR0" is undefined
capprog.c(18): warning:  #223-D: function "sprintf" declared implicitly
capprog.c(19): error:  #137: expression must be a modifiable lvalue
capprog.c(21): error:  #137: expression must be a modifiable lvalue
capprog.c(23): warning:  #167-D: argument of type "unsigned char *" is incompatible with parameter of type "char *"
Target not created
Build target 'Target 1'
compiling capprog.c...
capprog.c(18): warning:  #223-D: function "sprintf" declared implicitly
capprog.c(19): error:  #137: expression must be a modifiable lvalue
capprog.c(21): error:  #137: expression must be a modifiable lvalue
capprog.c(23): warning:  #167-D: argument of type "unsigned char *" is incompatible with parameter of type "char *"
Target not created
Build target 'Target 1'
compiling capprog.c...
capprog.c(18): warning:  #223-D: function "sprintf" declared implicitly
capprog.c(19): error:  #137: expression must be a modifiable lvalue
capprog.c(21): error:  #137: expression must be a modifiable lvalue
capprog.c(23): warning:  #167-D: argument of type "unsigned char *" is incompatible with parameter of type "char *"
Target not created
Build target 'Target 1'
compiling capprog.c...
capprog.c(19): warning:  #223-D: function "sprintf" declared implicitly
capprog.c(20): error:  #137: expression must be a modifiable lvalue
capprog.c(22): error:  #137: expression must be a modifiable lvalue
capprog.c(24): warning:  #167-D: argument of type "unsigned char *" is incompatible with parameter of type "char *"
capprog.c(25): warning:  #223-D: function "delay" declared implicitly
Target not created
Build target 'Target 1'
compiling capprog.c...
capprog.c(19): warning:  #223-D: function "sprintf" declared implicitly
capprog.c(24): warning:  #167-D: argument of type "unsigned char *" is incompatible with parameter of type "char *"
capprog.c(25): warning:  #223-D: function "delay" declared implicitly
linking...
simplecap.axf: Error: L6218E: Undefined symbol delay (referred from capprog.o).
Target not created
Build target 'Target 1'
compiling capprog.c...
lcd4.h(10): error:  #247: function "LCD_INIT" has already been defined
lcd4.h(21): error:  #247: function "LCD_CMD" has already been defined
lcd4.h(38): error:  #247: function "LCD_DATA" has already been defined
lcd4.h(55): error:  #247: function "LCD_STRING" has already been defined
lcd4.h(64): error:  #247: function "delay_ms" has already been defined
capprog.c(20): warning:  #223-D: function "sprintf" declared implicitly
capprog.c(25): warning:  #167-D: argument of type "unsigned char *" is incompatible with parameter of type "char *"
capprog.c(26): warning:  #223-D: function "delay" declared implicitly
Target not created
Build target 'Target 1'
compiling capprog.c...
capprog.c(19): warning:  #223-D: function "sprintf" declared implicitly
capprog.c(24): warning:  #167-D: argument of type "unsigned char *" is incompatible with parameter of type "char *"
capprog.c(25): warning:  #223-D: function "delay" declared implicitly
linking...
simplecap.axf: Error: L6218E: Undefined symbol delay (referred from capprog.o).
Target not created
Build target 'Target 1'
compiling capprog.c...
capprog.c(19): warning:  #223-D: function "sprintf" declared implicitly
capprog.c(24): warning:  #167-D: argument of type "unsigned char *" is incompatible with parameter of type "char *"
linking...
Program Size: Code=1808 RO-data=32 RW-data=4 ZI-data=1276  
"simplecap.axf" - 0 Error(s), 2 Warning(s).
Build target 'Target 1'
compiling capprog.c...
capprog.c(20): warning:  #167-D: argument of type "unsigned char *" is incompatible with parameter of type "char *restrict"
capprog.c(25): warning:  #167-D: argument of type "unsigned char *" is incompatible with parameter of type "char *"
linking...
Program Size: Code=1808 RO-data=32 RW-data=4 ZI-data=1276  
"simplecap.axf" - 0 Error(s), 2 Warning(s).
Build target 'Target 1'
compiling capprog.c...
capprog.c(20): warning:  #167-D: argument of type "unsigned char *" is incompatible with parameter of type "char *restrict"
capprog.c(25): warning:  #167-D: argument of type "unsigned char *" is incompatible with parameter of type "char *"
linking...
Program Size: Code=1812 RO-data=32 RW-data=4 ZI-data=1276  
"simplecap.axf" - 0 Error(s), 2 Warning(s).
Build target 'Target 1'
linking...
Program Size: Code=1812 RO-data=32 RW-data=4 ZI-data=1276  
FromELF: creating hex file...
"simplecap1.axf" - 0 Error(s), 0 Warning(s).
Build target 'Target 1'
compiling capprog.c...
capprog.c(20): warning:  #167-D: argument of type "unsigned char *" is incompatible with parameter of type "char *restrict"
capprog.c(25): warning:  #167-D: argument of type "unsigned char *" is incompatible with parameter of type "char *"
linking...
Program Size: Code=1812 RO-data=32 RW-data=4 ZI-data=1276  
FromELF: creating hex file...
"simplecap1.axf" - 0 Error(s), 2 Warning(s).
Build target 'Target 1'
compiling capprog.c...
capprog.c(20): warning:  #167-D: argument of type "unsigned char *" is incompatible with parameter of type "char *restrict"
capprog.c(25): warning:  #167-D: argument of type "unsigned char *" is incompatible with parameter of type "char *"
linking...
Program Size: Code=1816 RO-data=32 RW-data=4 ZI-data=1276  
FromELF: creating hex file...
"simplecap1.axf" - 0 Error(s), 2 Warning(s).
Build target 'Target 1'
compiling capprog.c...
capprog.c(20): warning:  #167-D: argument of type "unsigned char *" is incompatible with parameter of type "char *restrict"
capprog.c(25): warning:  #167-D: argument of type "unsigned char *" is incompatible with parameter of type "char *"
linking...
Program Size: Code=1816 RO-data=32 RW-data=4 ZI-data=1276  
FromELF: creating hex file...
"simplecap1.axf" - 0 Error(s), 2 Warning(s).
Build target 'Target 1'
compiling capprog.c...
capprog.c(18): error:  #65: expected a ";"
capprog.c(28): warning:  #12-D: parsing restarts here after previous syntax error
Target not created
Build target 'Target 1'
compiling capprog.c...
capprog.c(21): warning:  #167-D: argument of type "unsigned char *" is incompatible with parameter of type "char *restrict"
capprog.c(25): warning:  #167-D: argument of type "unsigned char *" is incompatible with parameter of type "char *"
linking...
Program Size: Code=1816 RO-data=32 RW-data=4 ZI-data=1276  
FromELF: creating hex file...
"simplecap1.axf" - 0 Error(s), 2 Warning(s).
Build target 'Target 1'
compiling capprog.c...
capprog.c(21): warning:  #167-D: argument of type "unsigned char *" is incompatible with parameter of type "char *restrict"
capprog.c(25): warning:  #167-D: argument of type "unsigned char *" is incompatible with parameter of type "char *"
linking...
Program Size: Code=1816 RO-data=32 RW-data=4 ZI-data=1276  
FromELF: creating hex file...
"simplecap1.axf" - 0 Error(s), 2 Warning(s).
Build target 'Target 1'
compiling capprog.c...
capprog.c(24): warning:  #167-D: argument of type "unsigned char *" is incompatible with parameter of type "char *restrict"
capprog.c(28): warning:  #167-D: argument of type "unsigned char *" is incompatible with parameter of type "char *"
linking...
Program Size: Code=1844 RO-data=32 RW-data=4 ZI-data=1276  
FromELF: creating hex file...
"simplecap1.axf" - 0 Error(s), 2 Warning(s).
Build target 'Target 1'
compiling capprog2.c...
capprog2.c(11): warning:  #167-D: argument of type "unsigned char *" is incompatible with parameter of type "char *restrict"
capprog2.c(15): warning:  #167-D: argument of type "unsigned char *" is incompatible with parameter of type "char *"
linking...
Program Size: Code=1924 RO-data=32 RW-data=4 ZI-data=1276  
FromELF: creating hex file...
"simplecap1.axf" - 0 Error(s), 2 Warning(s).
Build target 'Target 1'
linking...
Program Size: Code=1924 RO-data=32 RW-data=4 ZI-data=1276  
FromELF: creating hex file...
"simplecap2.axf" - 0 Error(s), 0 Warning(s).
Build target 'Target 1'
compiling capprog2.c...
capprog2.c(11): warning:  #167-D: argument of type "unsigned char *" is incompatible with parameter of type "char *restrict"
capprog2.c(15): warning:  #167-D: argument of type "unsigned char *" is incompatible with parameter of type "char *"
linking...
Program Size: Code=1912 RO-data=32 RW-data=4 ZI-data=1276  
FromELF: creating hex file...
"simplecap2.axf" - 0 Error(s), 2 Warning(s).
Build target 'Target 1'
compiling capprog2.c...
capprog2.c(11): warning:  #167-D: argument of type "unsigned char *" is incompatible with parameter of type "char *restrict"
capprog2.c(15): warning:  #167-D: argument of type "unsigned char *" is incompatible with parameter of type "char *"
linking...
Program Size: Code=1924 RO-data=32 RW-data=4 ZI-data=1276  
FromELF: creating hex file...
"simplecap2.axf" - 0 Error(s), 2 Warning(s).
Build target 'Target 1'
compiling capprog2.c...
capprog2.c(11): warning:  #167-D: argument of type "unsigned char *" is incompatible with parameter of type "char *restrict"
capprog2.c(15): warning:  #167-D: argument of type "unsigned char *" is incompatible with parameter of type "char *"
linking...
Program Size: Code=1920 RO-data=32 RW-data=4 ZI-data=1276  
FromELF: creating hex file...
"simplecap2.axf" - 0 Error(s), 2 Warning(s).
Build target 'Target 1'
compiling capprog2.c...
capprog2.c(11): warning:  #167-D: argument of type "unsigned char *" is incompatible with parameter of type "char *restrict"
capprog2.c(15): warning:  #167-D: argument of type "unsigned char *" is incompatible with parameter of type "char *"
linking...
Program Size: Code=1912 RO-data=32 RW-data=4 ZI-data=1276  
FromELF: creating hex file...
"simplecap2.axf" - 0 Error(s), 2 Warning(s).
Build target 'Target 1'
compiling capprog2.c...
capprog2.c(11): warning:  #167-D: argument of type "unsigned char *" is incompatible with parameter of type "char *restrict"
capprog2.c(15): warning:  #167-D: argument of type "unsigned char *" is incompatible with parameter of type "char *"
linking...
Program Size: Code=1924 RO-data=32 RW-data=4 ZI-data=1276  
FromELF: creating hex file...
"simplecap2.axf" - 0 Error(s), 2 Warning(s).
Build target 'Target 1'
compiling capprog2.c...
capprog2.c(11): warning:  #167-D: argument of type "unsigned char *" is incompatible with parameter of type "char *restrict"
capprog2.c(15): warning:  #167-D: argument of type "unsigned char *" is incompatible with parameter of type "char *"
linking...
Program Size: Code=1912 RO-data=32 RW-data=4 ZI-data=1276  
FromELF: creating hex file...
"simplecap2.axf" - 0 Error(s), 2 Warning(s).
Build target 'Target 1'
compiling capprog2.c...
capprog2.c(11): warning:  #167-D: argument of type "unsigned char *" is incompatible with parameter of type "char *restrict"
capprog2.c(15): warning:  #167-D: argument of type "unsigned char *" is incompatible with parameter of type "char *"
linking...
Program Size: Code=1920 RO-data=32 RW-data=4 ZI-data=1276  
FromELF: creating hex file...
"simplecap2.axf" - 0 Error(s), 2 Warning(s).
Build target 'Target 1'
compiling capprog2.c...
capprog2.c(11): warning:  #167-D: argument of type "unsigned char *" is incompatible with parameter of type "char *restrict"
capprog2.c(15): warning:  #167-D: argument of type "unsigned char *" is incompatible with parameter of type "char *"
linking...
Program Size: Code=1940 RO-data=32 RW-data=4 ZI-data=1276  
FromELF: creating hex file...
"simplecap2.axf" - 0 Error(s), 2 Warning(s).
Build target 'Target 1'
compiling capprog2.c...
capprog2.c(11): warning:  #167-D: argument of type "unsigned char *" is incompatible with parameter of type "char *restrict"
capprog2.c(15): warning:  #167-D: argument of type "unsigned char *" is incompatible with parameter of type "char *"
linking...
Program Size: Code=1932 RO-data=32 RW-data=4 ZI-data=1276  
FromELF: creating hex file...
"simplecap2.axf" - 0 Error(s), 2 Warning(s).
Build target 'Target 1'
compiling capprog2.c...
capprog2.c(11): warning:  #167-D: argument of type "unsigned char *" is incompatible with parameter of type "char *restrict"
capprog2.c(15): warning:  #167-D: argument of type "unsigned char *" is incompatible with parameter of type "char *"
linking...
Program Size: Code=1932 RO-data=32 RW-data=4 ZI-data=1276  
FromELF: creating hex file...
"simplecap2.axf" - 0 Error(s), 2 Warning(s).
Build target 'Target 1'
compiling capprog2.c...
capprog2.c(11): warning:  #167-D: argument of type "unsigned char *" is incompatible with parameter of type "char *restrict"
capprog2.c(15): warning:  #167-D: argument of type "unsigned char *" is incompatible with parameter of type "char *"
linking...
Program Size: Code=1940 RO-data=32 RW-data=4 ZI-data=1276  
FromELF: creating hex file...
"simplecap2.axf" - 0 Error(s), 2 Warning(s).
Build target 'Target 1'
compiling capprog2.c...
capprog2.c(11): warning:  #167-D: argument of type "unsigned char *" is incompatible with parameter of type "char *restrict"
capprog2.c(15): warning:  #167-D: argument of type "unsigned char *" is incompatible with parameter of type "char *"
linking...
Program Size: Code=1928 RO-data=32 RW-data=4 ZI-data=1276  
FromELF: creating hex file...
"simplecap2.axf" - 0 Error(s), 2 Warning(s).
