<html>
<body>
<pre>
<h1>µVision Build Log</h1>
<h2>Project:</h2>
D:\ESDLAB\TimerCounter\SimpleCapture\simplecap.uvproj
Project File Date:  10/23/2023

<h2>Output:</h2>
Build target 'Target 1'
compiling capprog.c...
linking...
Program Size: Code=2116 RO-data=32 RW-data=4 ZI-data=1276  
FromELF: creating hex file...
"simplecap2.axf" - 0 Error(s), 0 Warning(s).
Build target 'Target 1'
compiling capprog2.c...
linking...
Program Size: Code=2284 RO-data=32 RW-data=4 ZI-data=1276  
FromELF: creating hex file...
"simplecap2.axf" - 0 Error(s), 0 Warning(s).
