<html>
<body>
<pre>
<h1>µVision Build Log</h1>
<h2>Project:</h2>
D:\ESDLAB\Interrupt\NVIRQExample\nvirq.uvproj
Project File Date:  09/05/2023

<h2>Output:</h2>
Build target 'Target 1'
assembling Startup.s...
compiling prog.c...
prog.c(35): warning:  #111-D: statement is unreachable
   return 0;
prog.c(36): warning:  #1-D: last line of file ends without a newline
  }
prog.c: 2 warnings, 0 errors
linking...
Program Size: Code=904 RO-data=16 RW-data=0 ZI-data=1256  
".\nvirq.axf" - 0 Error(s), 2 Warning(s).
</pre>
</body>
</html>
