<html>
<body>
<pre>
<h1>µVision Build Log</h1>
<h2>Project:</h2>
D:\ESDLAB\UARTProjects\UART\UARTP1.uvproj
Project File Date:  11/02/2023

<h2>Output:</h2>
Rebuild target 'Target 1'
assembling Startup.s...
compiling Transmit.c...
linking...
Program Size: Code=668 RO-data=16 RW-data=0 ZI-data=1256  
FromELF: creating hex file...
".\TRANSMIT.axf" - 0 Error(s), 0 Warning(s).
</pre>
</body>
</html>
r:  #167: argument of type "char *" is incompatible with parameter of type "unsigned char **"
                strUART("WCE SANGLI");
Transmit.c: 0 warnings, 2 errors
".\TRANSMIT.axf" - 2 Error(s), 0 Warning(s).
Target not created
